[   32811ms] [VERBOSE] [DOM] Input elements should have autocomplete attributes (suggested: "current-password"): (More info: https://goo.gl/9p2vKq) %o @ http://localhost:3301/de/login:0
[   72466ms] [ERROR] Failed to load resource: net::ERR_FAILED @ https://alternative.me/crypto/fear-and-greed-index.png:0
[   72518ms] [ERROR] Failed to load resource: the server responded with a status of 404 (Not Found) @ http://localhost:4401/dashboard/market-sessions:0
[   72518ms] [ERROR] Failed to load resource: the server responded with a status of 404 (Not Found) @ http://localhost:4401/dashboard/watchlist:0
[   72518ms] [ERROR] Failed to load resource: the server responded with a status of 404 (Not Found) @ http://localhost:4401/dashboard/funding-rates:0
[   72518ms] [ERROR] Failed to load resource: the server responded with a status of 404 (Not Found) @ http://localhost:4401/dashboard/top-movers:0
[   72519ms] [ERROR] Failed to load resource: the server responded with a status of 404 (Not Found) @ http://localhost:4401/dashboard/network-status:0
[   72520ms] [ERROR] Failed to load resource: the server responded with a status of 405 (Method Not Allowed) @ http://localhost:4401/dashboard/price-alerts/check:0
[   72520ms] [ERROR] Failed to load resource: the server responded with a status of 404 (Not Found) @ http://localhost:4401/dashboard/trade-journal:0
[   72520ms] [ERROR] Failed to load resource: the server responded with a status of 404 (Not Found) @ http://localhost:4401/dashboard/trade-journal:0
[   72521ms] [ERROR] Failed to load resource: the server responded with a status of 404 (Not Found) @ http://localhost:4401/dashboard/workbench/notes:0
[   72521ms] [ERROR] Failed to load resource: the server responded with a status of 404 (Not Found) @ http://localhost:4401/bots/overview:0
[   72522ms] [ERROR] Failed to load resource: the server responded with a status of 404 (Not Found) @ http://localhost:4401/economic-calendar?from=2026-09-06&to=2026-09-06&currency=USD&impacts=high,medium:0
[   72522ms] [ERROR] Failed to load resource: the server responded with a status of 404 (Not Found) @ http://localhost:4401/grid/instances:0
[   72522ms] [ERROR] Failed to load resource: the server responded with a status of 404 (Not Found) @ http://localhost:4401/news?mode=all&limit=3&page=1:0
[   72523ms] [ERROR] Failed to load resource: the server responded with a status of 404 (Not Found) @ http://localhost:4401/dashboard/performance?range=24h:0
[   72523ms] [ERROR] Failed to load resource: the server responded with a status of 404 (Not Found) @ http://localhost:4401/dashboard/risk-analysis?limit=3:0
[   72523ms] [ERROR] Failed to load resource: the server responded with a status of 404 (Not Found) @ http://localhost:4401/dashboard/open-positions:0
[   72524ms] [ERROR] Failed to load resource: the server responded with a status of 404 (Not Found) @ http://localhost:4401/settings/affiliate?refreshPayoutWallet=false:0
[   72526ms] [ERROR] Failed to load resource: the server responded with a status of 404 (Not Found) @ http://localhost:4401/market-intelligence/summary?horizon=24h:0
[   72526ms] [ERROR] Failed to load resource: the server responded with a status of 404 (Not Found) @ http://localhost:4401/dashboard/layout:0
[   87508ms] [ERROR] Failed to load resource: the server responded with a status of 405 (Method Not Allowed) @ http://localhost:4401/dashboard/price-alerts/check:0
[   95934ms] [ERROR] Failed to load resource: the server responded with a status of 404 (Not Found) @ http://localhost:4401/dashboard/market-sessions:0
[   95934ms] [ERROR] Failed to load resource: the server responded with a status of 404 (Not Found) @ http://localhost:4401/dashboard/watchlist:0
[   95934ms] [ERROR] Failed to load resource: the server responded with a status of 404 (Not Found) @ http://localhost:4401/dashboard/funding-rates:0
[   95934ms] [ERROR] Failed to load resource: the server responded with a status of 404 (Not Found) @ http://localhost:4401/dashboard/top-movers:0
[   95935ms] [ERROR] Failed to load resource: the server responded with a status of 404 (Not Found) @ http://localhost:4401/dashboard/network-status:0
[   95935ms] [ERROR] Failed to load resource: the server responded with a status of 405 (Method Not Allowed) @ http://localhost:4401/dashboard/price-alerts/check:0
[   95936ms] [ERROR] Failed to load resource: the server responded with a status of 404 (Not Found) @ http://localhost:4401/dashboard/trade-journal:0
[   95936ms] [ERROR] Failed to load resource: the server responded with a status of 404 (Not Found) @ http://localhost:4401/dashboard/trade-journal:0
[   95936ms] [ERROR] Failed to load resource: the server responded with a status of 404 (Not Found) @ http://localhost:4401/dashboard/workbench/notes:0
[   95937ms] [ERROR] Failed to load resource: net::ERR_FAILED @ https://alternative.me/crypto/fear-and-greed-index.png:0
[  306105ms] [ERROR] Failed to load resource: net::ERR_CONNECTION_REFUSED @ http://localhost:4401/api/billing/ai-credits/summary:0
[  306311ms] [ERROR] Failed to load resource: net::ERR_CONNECTION_REFUSED @ http://localhost:4401/api/billing/ai-credits/summary:0
[  306917ms] [ERROR] Failed to load resource: net::ERR_CONNECTION_REFUSED @ http://localhost:4401/api/billing/ai-credits/summary:0
[  336106ms] [ERROR] Failed to load resource: net::ERR_CONNECTION_REFUSED @ http://localhost:4401/dashboard/overview:0
[  336106ms] [ERROR] Failed to load resource: net::ERR_CONNECTION_REFUSED @ http://localhost:4401/api/billing/ai-credits/summary:0
[  336106ms] [ERROR] Failed to load resource: net::ERR_CONNECTION_REFUSED @ http://localhost:4401/dashboard/alerts?limit=6:0
[  336312ms] [ERROR] Failed to load resource: net::ERR_CONNECTION_REFUSED @ http://localhost:4401/dashboard/overview:0
[  336313ms] [ERROR] Failed to load resource: net::ERR_CONNECTION_REFUSED @ http://localhost:4401/api/billing/ai-credits/summary:0
[  336314ms] [ERROR] Failed to load resource: net::ERR_CONNECTION_REFUSED @ http://localhost:4401/dashboard/alerts?limit=6:0
[  336916ms] [ERROR] Failed to load resource: net::ERR_CONNECTION_REFUSED @ http://localhost:4401/dashboard/overview:0
[  336916ms] [ERROR] Failed to load resource: net::ERR_CONNECTION_REFUSED @ http://localhost:4401/api/billing/ai-credits/summary:0
[  336916ms] [ERROR] Failed to load resource: net::ERR_CONNECTION_REFUSED @ http://localhost:4401/dashboard/alerts?limit=6:0
[  366107ms] [ERROR] Failed to load resource: net::ERR_CONNECTION_REFUSED @ http://localhost:4401/api/billing/ai-credits/summary:0
[  366310ms] [ERROR] Failed to load resource: net::ERR_CONNECTION_REFUSED @ http://localhost:4401/api/billing/ai-credits/summary:0
[  366915ms] [ERROR] Failed to load resource: net::ERR_CONNECTION_REFUSED @ http://localhost:4401/api/billing/ai-credits/summary:0
[  396108ms] [ERROR] Failed to load resource: net::ERR_CONNECTION_REFUSED @ http://localhost:4401/dashboard/overview:0
[  396108ms] [ERROR] Failed to load resource: net::ERR_CONNECTION_REFUSED @ http://localhost:4401/api/billing/ai-credits/summary:0
[  396108ms] [ERROR] Failed to load resource: net::ERR_CONNECTION_REFUSED @ http://localhost:4401/dashboard/alerts?limit=6:0
[  396312ms] [ERROR] Failed to load resource: net::ERR_CONNECTION_REFUSED @ http://localhost:4401/dashboard/overview:0
[  396314ms] [ERROR] Failed to load resource: net::ERR_CONNECTION_REFUSED @ http://localhost:4401/api/billing/ai-credits/summary:0
[  396314ms] [ERROR] Failed to load resource: net::ERR_CONNECTION_REFUSED @ http://localhost:4401/dashboard/alerts?limit=6:0
[  396916ms] [ERROR] Failed to load resource: net::ERR_CONNECTION_REFUSED @ http://localhost:4401/dashboard/overview:0
[  396917ms] [ERROR] Failed to load resource: net::ERR_CONNECTION_REFUSED @ http://localhost:4401/api/billing/ai-credits/summary:0
[  396917ms] [ERROR] Failed to load resource: net::ERR_CONNECTION_REFUSED @ http://localhost:4401/dashboard/alerts?limit=6:0
[  426107ms] [ERROR] Failed to load resource: net::ERR_CONNECTION_REFUSED @ http://localhost:4401/api/billing/ai-credits/summary:0
[  426312ms] [ERROR] Failed to load resource: net::ERR_CONNECTION_REFUSED @ http://localhost:4401/api/billing/ai-credits/summary:0
[  426916ms] [ERROR] Failed to load resource: net::ERR_CONNECTION_REFUSED @ http://localhost:4401/api/billing/ai-credits/summary:0
[  456107ms] [ERROR] Failed to load resource: net::ERR_CONNECTION_REFUSED @ http://localhost:4401/dashboard/overview:0
[  456107ms] [ERROR] Failed to load resource: net::ERR_CONNECTION_REFUSED @ http://localhost:4401/api/billing/ai-credits/summary:0
[  456107ms] [ERROR] Failed to load resource: net::ERR_CONNECTION_REFUSED @ http://localhost:4401/dashboard/alerts?limit=6:0
[  456311ms] [ERROR] Failed to load resource: net::ERR_CONNECTION_REFUSED @ http://localhost:4401/dashboard/overview:0
[  456312ms] [ERROR] Failed to load resource: net::ERR_CONNECTION_REFUSED @ http://localhost:4401/api/billing/ai-credits/summary:0
[  456312ms] [ERROR] Failed to load resource: net::ERR_CONNECTION_REFUSED @ http://localhost:4401/dashboard/alerts?limit=6:0
[  456914ms] [ERROR] Failed to load resource: net::ERR_CONNECTION_REFUSED @ http://localhost:4401/dashboard/overview:0
[  456914ms] [ERROR] Failed to load resource: net::ERR_CONNECTION_REFUSED @ http://localhost:4401/api/billing/ai-credits/summary:0
[  456914ms] [ERROR] Failed to load resource: net::ERR_CONNECTION_REFUSED @ http://localhost:4401/dashboard/alerts?limit=6:0
[  486105ms] [ERROR] Failed to load resource: net::ERR_CONNECTION_REFUSED @ http://localhost:4401/api/billing/ai-credits/summary:0
[  486309ms] [ERROR] Failed to load resource: net::ERR_CONNECTION_REFUSED @ http://localhost:4401/api/billing/ai-credits/summary:0
[  486913ms] [ERROR] Failed to load resource: net::ERR_CONNECTION_REFUSED @ http://localhost:4401/api/billing/ai-credits/summary:0
[  516107ms] [ERROR] Failed to load resource: net::ERR_CONNECTION_REFUSED @ http://localhost:4401/dashboard/overview:0
[  516109ms] [ERROR] Failed to load resource: net::ERR_CONNECTION_REFUSED @ http://localhost:4401/api/billing/ai-credits/summary:0
[  516109ms] [ERROR] Failed to load resource: net::ERR_CONNECTION_REFUSED @ http://localhost:4401/dashboard/alerts?limit=6:0
[  516312ms] [ERROR] Failed to load resource: net::ERR_CONNECTION_REFUSED @ http://localhost:4401/dashboard/overview:0
[  516313ms] [ERROR] Failed to load resource: net::ERR_CONNECTION_REFUSED @ http://localhost:4401/api/billing/ai-credits/summary:0
[  516313ms] [ERROR] Failed to load resource: net::ERR_CONNECTION_REFUSED @ http://localhost:4401/dashboard/alerts?limit=6:0
[  516916ms] [ERROR] Failed to load resource: net::ERR_CONNECTION_REFUSED @ http://localhost:4401/dashboard/overview:0
[  516916ms] [ERROR] Failed to load resource: net::ERR_CONNECTION_REFUSED @ http://localhost:4401/api/billing/ai-credits/summary:0
[  516916ms] [ERROR] Failed to load resource: net::ERR_CONNECTION_REFUSED @ http://localhost:4401/dashboard/alerts?limit=6:0
[  546107ms] [ERROR] Failed to load resource: net::ERR_CONNECTION_REFUSED @ http://localhost:4401/api/billing/ai-credits/summary:0
[  546311ms] [ERROR] Failed to load resource: net::ERR_CONNECTION_REFUSED @ http://localhost:4401/api/billing/ai-credits/summary:0
[  546915ms] [ERROR] Failed to load resource: net::ERR_CONNECTION_REFUSED @ http://localhost:4401/api/billing/ai-credits/summary:0
[  576110ms] [ERROR] Failed to load resource: net::ERR_CONNECTION_REFUSED @ http://localhost:4401/dashboard/overview:0
[  576110ms] [ERROR] Failed to load resource: net::ERR_CONNECTION_REFUSED @ http://localhost:4401/api/billing/ai-credits/summary:0
[  576110ms] [ERROR] Failed to load resource: net::ERR_CONNECTION_REFUSED @ http://localhost:4401/dashboard/alerts?limit=6:0
[  576315ms] [ERROR] Failed to load resource: net::ERR_CONNECTION_REFUSED @ http://localhost:4401/dashboard/overview:0
[  576316ms] [ERROR] Failed to load resource: net::ERR_CONNECTION_REFUSED @ http://localhost:4401/api/billing/ai-credits/summary:0
[  576316ms] [ERROR] Failed to load resource: net::ERR_CONNECTION_REFUSED @ http://localhost:4401/dashboard/alerts?limit=6:0
[  576918ms] [ERROR] Failed to load resource: net::ERR_CONNECTION_REFUSED @ http://localhost:4401/dashboard/overview:0
[  576919ms] [ERROR] Failed to load resource: net::ERR_CONNECTION_REFUSED @ http://localhost:4401/api/billing/ai-credits/summary:0
[  576919ms] [ERROR] Failed to load resource: net::ERR_CONNECTION_REFUSED @ http://localhost:4401/dashboard/alerts?limit=6:0
[  606107ms] [ERROR] Failed to load resource: net::ERR_CONNECTION_REFUSED @ http://localhost:4401/api/billing/ai-credits/summary:0
[  606312ms] [ERROR] Failed to load resource: net::ERR_CONNECTION_REFUSED @ http://localhost:4401/api/billing/ai-credits/summary:0
[  606916ms] [ERROR] Failed to load resource: net::ERR_CONNECTION_REFUSED @ http://localhost:4401/api/billing/ai-credits/summary:0
[  636112ms] [ERROR] Failed to load resource: net::ERR_CONNECTION_REFUSED @ http://localhost:4401/dashboard/overview:0
[  636113ms] [ERROR] Failed to load resource: net::ERR_CONNECTION_REFUSED @ http://localhost:4401/api/billing/ai-credits/summary:0
[  636113ms] [ERROR] Failed to load resource: net::ERR_CONNECTION_REFUSED @ http://localhost:4401/dashboard/alerts?limit=6:0
[  636316ms] [ERROR] Failed to load resource: net::ERR_CONNECTION_REFUSED @ http://localhost:4401/dashboard/overview:0
[  636316ms] [ERROR] Failed to load resource: net::ERR_CONNECTION_REFUSED @ http://localhost:4401/api/billing/ai-credits/summary:0
[  636316ms] [ERROR] Failed to load resource: net::ERR_CONNECTION_REFUSED @ http://localhost:4401/dashboard/alerts?limit=6:0
[  636919ms] [ERROR] Failed to load resource: net::ERR_CONNECTION_REFUSED @ http://localhost:4401/dashboard/overview:0
[  636920ms] [ERROR] Failed to load resource: net::ERR_CONNECTION_REFUSED @ http://localhost:4401/api/billing/ai-credits/summary:0
[  636920ms] [ERROR] Failed to load resource: net::ERR_CONNECTION_REFUSED @ http://localhost:4401/dashboard/alerts?limit=6:0
[  666125ms] [ERROR] Failed to load resource: net::ERR_CONNECTION_REFUSED @ http://localhost:4401/api/billing/ai-credits/summary:0
[  666329ms] [ERROR] Failed to load resource: net::ERR_CONNECTION_REFUSED @ http://localhost:4401/api/billing/ai-credits/summary:0
[  666936ms] [ERROR] Failed to load resource: net::ERR_CONNECTION_REFUSED @ http://localhost:4401/api/billing/ai-credits/summary:0
[  696138ms] [ERROR] Failed to load resource: net::ERR_CONNECTION_REFUSED @ http://localhost:4401/dashboard/overview:0
[  696138ms] [ERROR] Failed to load resource: net::ERR_CONNECTION_REFUSED @ http://localhost:4401/api/billing/ai-credits/summary:0
[  696139ms] [ERROR] Failed to load resource: net::ERR_CONNECTION_REFUSED @ http://localhost:4401/dashboard/alerts?limit=6:0
[  696346ms] [ERROR] Failed to load resource: net::ERR_CONNECTION_REFUSED @ http://localhost:4401/dashboard/overview:0
[  696347ms] [ERROR] Failed to load resource: net::ERR_CONNECTION_REFUSED @ http://localhost:4401/api/billing/ai-credits/summary:0
[  696347ms] [ERROR] Failed to load resource: net::ERR_CONNECTION_REFUSED @ http://localhost:4401/dashboard/alerts?limit=6:0
[  696950ms] [ERROR] Failed to load resource: net::ERR_CONNECTION_REFUSED @ http://localhost:4401/dashboard/overview:0
[  696950ms] [ERROR] Failed to load resource: net::ERR_CONNECTION_REFUSED @ http://localhost:4401/api/billing/ai-credits/summary:0
[  696950ms] [ERROR] Failed to load resource: net::ERR_CONNECTION_REFUSED @ http://localhost:4401/dashboard/alerts?limit=6:0
[  726145ms] [ERROR] Failed to load resource: net::ERR_CONNECTION_REFUSED @ http://localhost:4401/api/billing/ai-credits/summary:0
[  726360ms] [ERROR] Failed to load resource: net::ERR_CONNECTION_REFUSED @ http://localhost:4401/api/billing/ai-credits/summary:0
[  726964ms] [ERROR] Failed to load resource: net::ERR_CONNECTION_REFUSED @ http://localhost:4401/api/billing/ai-credits/summary:0
[  756140ms] [ERROR] Failed to load resource: net::ERR_CONNECTION_REFUSED @ http://localhost:4401/dashboard/overview:0
[  756140ms] [ERROR] Failed to load resource: net::ERR_CONNECTION_REFUSED @ http://localhost:4401/api/billing/ai-credits/summary:0
[  756140ms] [ERROR] Failed to load resource: net::ERR_CONNECTION_REFUSED @ http://localhost:4401/dashboard/alerts?limit=6:0
[  756344ms] [ERROR] Failed to load resource: net::ERR_CONNECTION_REFUSED @ http://localhost:4401/dashboard/overview:0
[  756344ms] [ERROR] Failed to load resource: net::ERR_CONNECTION_REFUSED @ http://localhost:4401/api/billing/ai-credits/summary:0
[  756344ms] [ERROR] Failed to load resource: net::ERR_CONNECTION_REFUSED @ http://localhost:4401/dashboard/alerts?limit=6:0
[  756954ms] [ERROR] Failed to load resource: net::ERR_CONNECTION_REFUSED @ http://localhost:4401/dashboard/overview:0
[  756955ms] [ERROR] Failed to load resource: net::ERR_CONNECTION_REFUSED @ http://localhost:4401/api/billing/ai-credits/summary:0
[  756955ms] [ERROR] Failed to load resource: net::ERR_CONNECTION_REFUSED @ http://localhost:4401/dashboard/alerts?limit=6:0
[  786142ms] [ERROR] Failed to load resource: net::ERR_CONNECTION_REFUSED @ http://localhost:4401/api/billing/ai-credits/summary:0
[  786348ms] [ERROR] Failed to load resource: net::ERR_CONNECTION_REFUSED @ http://localhost:4401/api/billing/ai-credits/summary:0
[  786951ms] [ERROR] Failed to load resource: net::ERR_CONNECTION_REFUSED @ http://localhost:4401/api/billing/ai-credits/summary:0
[  816147ms] [ERROR] Failed to load resource: net::ERR_CONNECTION_REFUSED @ http://localhost:4401/dashboard/overview:0
[  816147ms] [ERROR] Failed to load resource: net::ERR_CONNECTION_REFUSED @ http://localhost:4401/api/billing/ai-credits/summary:0
[  816147ms] [ERROR] Failed to load resource: net::ERR_CONNECTION_REFUSED @ http://localhost:4401/dashboard/alerts?limit=6:0
[  816358ms] [ERROR] Failed to load resource: net::ERR_CONNECTION_REFUSED @ http://localhost:4401/dashboard/overview:0
[  816358ms] [ERROR] Failed to load resource: net::ERR_CONNECTION_REFUSED @ http://localhost:4401/api/billing/ai-credits/summary:0
[  816358ms] [ERROR] Failed to load resource: net::ERR_CONNECTION_REFUSED @ http://localhost:4401/dashboard/alerts?limit=6:0
[  816962ms] [ERROR] Failed to load resource: net::ERR_CONNECTION_REFUSED @ http://localhost:4401/dashboard/overview:0
[  816962ms] [ERROR] Failed to load resource: net::ERR_CONNECTION_REFUSED @ http://localhost:4401/api/billing/ai-credits/summary:0
[  816963ms] [ERROR] Failed to load resource: net::ERR_CONNECTION_REFUSED @ http://localhost:4401/dashboard/alerts?limit=6:0
[  846142ms] [ERROR] Failed to load resource: net::ERR_CONNECTION_REFUSED @ http://localhost:4401/api/billing/ai-credits/summary:0
[  846353ms] [ERROR] Failed to load resource: net::ERR_CONNECTION_REFUSED @ http://localhost:4401/api/billing/ai-credits/summary:0
[  846957ms] [ERROR] Failed to load resource: net::ERR_CONNECTION_REFUSED @ http://localhost:4401/api/billing/ai-credits/summary:0
[  876143ms] [ERROR] Failed to load resource: net::ERR_CONNECTION_REFUSED @ http://localhost:4401/dashboard/overview:0
[  876143ms] [ERROR] Failed to load resource: net::ERR_CONNECTION_REFUSED @ http://localhost:4401/api/billing/ai-credits/summary:0
[  876143ms] [ERROR] Failed to load resource: net::ERR_CONNECTION_REFUSED @ http://localhost:4401/dashboard/alerts?limit=6:0
[  876347ms] [ERROR] Failed to load resource: net::ERR_CONNECTION_REFUSED @ http://localhost:4401/dashboard/overview:0
[  876347ms] [ERROR] Failed to load resource: net::ERR_CONNECTION_REFUSED @ http://localhost:4401/api/billing/ai-credits/summary:0
[  876348ms] [ERROR] Failed to load resource: net::ERR_CONNECTION_REFUSED @ http://localhost:4401/dashboard/alerts?limit=6:0
[  876954ms] [ERROR] Failed to load resource: net::ERR_CONNECTION_REFUSED @ http://localhost:4401/dashboard/overview:0
[  876954ms] [ERROR] Failed to load resource: net::ERR_CONNECTION_REFUSED @ http://localhost:4401/api/billing/ai-credits/summary:0
[  876954ms] [ERROR] Failed to load resource: net::ERR_CONNECTION_REFUSED @ http://localhost:4401/dashboard/alerts?limit=6:0
[  906152ms] [ERROR] Failed to load resource: net::ERR_CONNECTION_REFUSED @ http://localhost:4401/api/billing/ai-credits/summary:0
[  906359ms] [ERROR] Failed to load resource: net::ERR_CONNECTION_REFUSED @ http://localhost:4401/api/billing/ai-credits/summary:0
[  906964ms] [ERROR] Failed to load resource: net::ERR_CONNECTION_REFUSED @ http://localhost:4401/api/billing/ai-credits/summary:0
[  936149ms] [ERROR] Failed to load resource: net::ERR_CONNECTION_REFUSED @ http://localhost:4401/dashboard/overview:0
[  936150ms] [ERROR] Failed to load resource: net::ERR_CONNECTION_REFUSED @ http://localhost:4401/api/billing/ai-credits/summary:0
[  936150ms] [ERROR] Failed to load resource: net::ERR_CONNECTION_REFUSED @ http://localhost:4401/dashboard/alerts?limit=6:0
[  936355ms] [ERROR] Failed to load resource: net::ERR_CONNECTION_REFUSED @ http://localhost:4401/dashboard/overview:0
[  936356ms] [ERROR] Failed to load resource: net::ERR_CONNECTION_REFUSED @ http://localhost:4401/api/billing/ai-credits/summary:0
[  936356ms] [ERROR] Failed to load resource: net::ERR_CONNECTION_REFUSED @ http://localhost:4401/dashboard/alerts?limit=6:0
[  936960ms] [ERROR] Failed to load resource: net::ERR_CONNECTION_REFUSED @ http://localhost:4401/dashboard/overview:0
[  936960ms] [ERROR] Failed to load resource: net::ERR_CONNECTION_REFUSED @ http://localhost:4401/api/billing/ai-credits/summary:0
[  936960ms] [ERROR] Failed to load resource: net::ERR_CONNECTION_REFUSED @ http://localhost:4401/dashboard/alerts?limit=6:0
[  966149ms] [ERROR] Failed to load resource: net::ERR_CONNECTION_REFUSED @ http://localhost:4401/api/billing/ai-credits/summary:0
[  966354ms] [ERROR] Failed to load resource: net::ERR_CONNECTION_REFUSED @ http://localhost:4401/api/billing/ai-credits/summary:0
[  966960ms] [ERROR] Failed to load resource: net::ERR_CONNECTION_REFUSED @ http://localhost:4401/api/billing/ai-credits/summary:0
[  996145ms] [ERROR] Failed to load resource: net::ERR_CONNECTION_REFUSED @ http://localhost:4401/dashboard/overview:0
[  996145ms] [ERROR] Failed to load resource: net::ERR_CONNECTION_REFUSED @ http://localhost:4401/api/billing/ai-credits/summary:0
[  996145ms] [ERROR] Failed to load resource: net::ERR_CONNECTION_REFUSED @ http://localhost:4401/dashboard/alerts?limit=6:0
[  996348ms] [ERROR] Failed to load resource: net::ERR_CONNECTION_REFUSED @ http://localhost:4401/dashboard/overview:0
[  996348ms] [ERROR] Failed to load resource: net::ERR_CONNECTION_REFUSED @ http://localhost:4401/api/billing/ai-credits/summary:0
[  996348ms] [ERROR] Failed to load resource: net::ERR_CONNECTION_REFUSED @ http://localhost:4401/dashboard/alerts?limit=6:0
[  996957ms] [ERROR] Failed to load resource: net::ERR_CONNECTION_REFUSED @ http://localhost:4401/dashboard/overview:0
[  996957ms] [ERROR] Failed to load resource: net::ERR_CONNECTION_REFUSED @ http://localhost:4401/api/billing/ai-credits/summary:0
[  996957ms] [ERROR] Failed to load resource: net::ERR_CONNECTION_REFUSED @ http://localhost:4401/dashboard/alerts?limit=6:0
[ 1026148ms] [ERROR] Failed to load resource: net::ERR_CONNECTION_REFUSED @ http://localhost:4401/api/billing/ai-credits/summary:0
[ 1026356ms] [ERROR] Failed to load resource: net::ERR_CONNECTION_REFUSED @ http://localhost:4401/api/billing/ai-credits/summary:0
[ 1026964ms] [ERROR] Failed to load resource: net::ERR_CONNECTION_REFUSED @ http://localhost:4401/api/billing/ai-credits/summary:0
[ 1056146ms] [ERROR] Failed to load resource: net::ERR_CONNECTION_REFUSED @ http://localhost:4401/dashboard/overview:0
[ 1056146ms] [ERROR] Failed to load resource: net::ERR_CONNECTION_REFUSED @ http://localhost:4401/api/billing/ai-credits/summary:0
[ 1056146ms] [ERROR] Failed to load resource: net::ERR_CONNECTION_REFUSED @ http://localhost:4401/dashboard/alerts?limit=6:0
[ 1056349ms] [ERROR] Failed to load resource: net::ERR_CONNECTION_REFUSED @ http://localhost:4401/dashboard/overview:0
[ 1056349ms] [ERROR] Failed to load resource: net::ERR_CONNECTION_REFUSED @ http://localhost:4401/api/billing/ai-credits/summary:0
[ 1056350ms] [ERROR] Failed to load resource: net::ERR_CONNECTION_REFUSED @ http://localhost:4401/dashboard/alerts?limit=6:0
[ 1056959ms] [ERROR] Failed to load resource: net::ERR_CONNECTION_REFUSED @ http://localhost:4401/api/billing/ai-credits/summary:0
[ 1056959ms] [ERROR] Failed to load resource: net::ERR_CONNECTION_REFUSED @ http://localhost:4401/dashboard/overview:0
[ 1056960ms] [ERROR] Failed to load resource: net::ERR_CONNECTION_REFUSED @ http://localhost:4401/dashboard/alerts?limit=6:0
[ 1086151ms] [ERROR] Failed to load resource: net::ERR_CONNECTION_REFUSED @ http://localhost:4401/api/billing/ai-credits/summary:0
[ 1086361ms] [ERROR] Failed to load resource: net::ERR_CONNECTION_REFUSED @ http://localhost:4401/api/billing/ai-credits/summary:0
[ 1086968ms] [ERROR] Failed to load resource: net::ERR_CONNECTION_REFUSED @ http://localhost:4401/api/billing/ai-credits/summary:0
[ 1116160ms] [ERROR] Failed to load resource: net::ERR_CONNECTION_REFUSED @ http://localhost:4401/dashboard/overview:0
[ 1116160ms] [ERROR] Failed to load resource: net::ERR_CONNECTION_REFUSED @ http://localhost:4401/api/billing/ai-credits/summary:0
[ 1116161ms] [ERROR] Failed to load resource: net::ERR_CONNECTION_REFUSED @ http://localhost:4401/dashboard/alerts?limit=6:0
[ 1116369ms] [ERROR] Failed to load resource: net::ERR_CONNECTION_REFUSED @ http://localhost:4401/dashboard/overview:0
[ 1116371ms] [ERROR] Failed to load resource: net::ERR_CONNECTION_REFUSED @ http://localhost:4401/api/billing/ai-credits/summary:0
[ 1116371ms] [ERROR] Failed to load resource: net::ERR_CONNECTION_REFUSED @ http://localhost:4401/dashboard/alerts?limit=6:0
[ 1116972ms] [ERROR] Failed to load resource: net::ERR_CONNECTION_REFUSED @ http://localhost:4401/dashboard/overview:0
[ 1116973ms] [ERROR] Failed to load resource: net::ERR_CONNECTION_REFUSED @ http://localhost:4401/api/billing/ai-credits/summary:0
[ 1116973ms] [ERROR] Failed to load resource: net::ERR_CONNECTION_REFUSED @ http://localhost:4401/dashboard/alerts?limit=6:0
[ 1146151ms] [ERROR] Failed to load resource: net::ERR_CONNECTION_REFUSED @ http://localhost:4401/api/billing/ai-credits/summary:0
[ 1146359ms] [ERROR] Failed to load resource: net::ERR_CONNECTION_REFUSED @ http://localhost:4401/api/billing/ai-credits/summary:0
[ 1146966ms] [ERROR] Failed to load resource: net::ERR_CONNECTION_REFUSED @ http://localhost:4401/api/billing/ai-credits/summary:0
[ 1176155ms] [ERROR] Failed to load resource: net::ERR_CONNECTION_REFUSED @ http://localhost:4401/dashboard/overview:0
[ 1176155ms] [ERROR] Failed to load resource: net::ERR_CONNECTION_REFUSED @ http://localhost:4401/api/billing/ai-credits/summary:0
[ 1176155ms] [ERROR] Failed to load resource: net::ERR_CONNECTION_REFUSED @ http://localhost:4401/dashboard/alerts?limit=6:0
[ 1176364ms] [ERROR] Failed to load resource: net::ERR_CONNECTION_REFUSED @ http://localhost:4401/dashboard/overview:0
[ 1176366ms] [ERROR] Failed to load resource: net::ERR_CONNECTION_REFUSED @ http://localhost:4401/api/billing/ai-credits/summary:0
[ 1176366ms] [ERROR] Failed to load resource: net::ERR_CONNECTION_REFUSED @ http://localhost:4401/dashboard/alerts?limit=6:0
[ 1176967ms] [ERROR] Failed to load resource: net::ERR_CONNECTION_REFUSED @ http://localhost:4401/dashboard/overview:0
[ 1176968ms] [ERROR] Failed to load resource: net::ERR_CONNECTION_REFUSED @ http://localhost:4401/api/billing/ai-credits/summary:0
[ 1176968ms] [ERROR] Failed to load resource: net::ERR_CONNECTION_REFUSED @ http://localhost:4401/dashboard/alerts?limit=6:0
[ 1206148ms] [ERROR] Failed to load resource: net::ERR_CONNECTION_REFUSED @ http://localhost:4401/api/billing/ai-credits/summary:0
[ 1206355ms] [ERROR] Failed to load resource: net::ERR_CONNECTION_REFUSED @ http://localhost:4401/api/billing/ai-credits/summary:0
[ 1206960ms] [ERROR] Failed to load resource: net::ERR_CONNECTION_REFUSED @ http://localhost:4401/api/billing/ai-credits/summary:0
[ 1236150ms] [ERROR] Failed to load resource: net::ERR_CONNECTION_REFUSED @ http://localhost:4401/dashboard/overview:0
[ 1236151ms] [ERROR] Failed to load resource: net::ERR_CONNECTION_REFUSED @ http://localhost:4401/api/billing/ai-credits/summary:0
[ 1236151ms] [ERROR] Failed to load resource: net::ERR_CONNECTION_REFUSED @ http://localhost:4401/dashboard/alerts?limit=6:0
[ 1236362ms] [ERROR] Failed to load resource: net::ERR_CONNECTION_REFUSED @ http://localhost:4401/dashboard/overview:0
[ 1236362ms] [ERROR] Failed to load resource: net::ERR_CONNECTION_REFUSED @ http://localhost:4401/api/billing/ai-credits/summary:0
[ 1236362ms] [ERROR] Failed to load resource: net::ERR_CONNECTION_REFUSED @ http://localhost:4401/dashboard/alerts?limit=6:0
[ 1236965ms] [ERROR] Failed to load resource: net::ERR_CONNECTION_REFUSED @ http://localhost:4401/dashboard/overview:0
[ 1236965ms] [ERROR] Failed to load resource: net::ERR_CONNECTION_REFUSED @ http://localhost:4401/api/billing/ai-credits/summary:0
[ 1236965ms] [ERROR] Failed to load resource: net::ERR_CONNECTION_REFUSED @ http://localhost:4401/dashboard/alerts?limit=6:0
[ 1266151ms] [ERROR] Failed to load resource: net::ERR_CONNECTION_REFUSED @ http://localhost:4401/api/billing/ai-credits/summary:0
[ 1266357ms] [ERROR] Failed to load resource: net::ERR_CONNECTION_REFUSED @ http://localhost:4401/api/billing/ai-credits/summary:0
[ 1266965ms] [ERROR] Failed to load resource: net::ERR_CONNECTION_REFUSED @ http://localhost:4401/api/billing/ai-credits/summary:0
[ 1296166ms] [ERROR] Failed to load resource: net::ERR_CONNECTION_REFUSED @ http://localhost:4401/dashboard/overview:0
[ 1296166ms] [ERROR] Failed to load resource: net::ERR_CONNECTION_REFUSED @ http://localhost:4401/api/billing/ai-credits/summary:0
[ 1296167ms] [ERROR] Failed to load resource: net::ERR_CONNECTION_REFUSED @ http://localhost:4401/dashboard/alerts?limit=6:0
[ 1296378ms] [ERROR] Failed to load resource: net::ERR_CONNECTION_REFUSED @ http://localhost:4401/dashboard/overview:0
[ 1296379ms] [ERROR] Failed to load resource: net::ERR_CONNECTION_REFUSED @ http://localhost:4401/api/billing/ai-credits/summary:0
[ 1296379ms] [ERROR] Failed to load resource: net::ERR_CONNECTION_REFUSED @ http://localhost:4401/dashboard/alerts?limit=6:0
[ 1296982ms] [ERROR] Failed to load resource: net::ERR_CONNECTION_REFUSED @ http://localhost:4401/dashboard/overview:0
[ 1296983ms] [ERROR] Failed to load resource: net::ERR_CONNECTION_REFUSED @ http://localhost:4401/api/billing/ai-credits/summary:0
[ 1296983ms] [ERROR] Failed to load resource: net::ERR_CONNECTION_REFUSED @ http://localhost:4401/dashboard/alerts?limit=6:0
[ 1326157ms] [ERROR] Failed to load resource: net::ERR_CONNECTION_REFUSED @ http://localhost:4401/api/billing/ai-credits/summary:0
[ 1326361ms] [ERROR] Failed to load resource: net::ERR_CONNECTION_REFUSED @ http://localhost:4401/api/billing/ai-credits/summary:0
[ 1326969ms] [ERROR] Failed to load resource: net::ERR_CONNECTION_REFUSED @ http://localhost:4401/api/billing/ai-credits/summary:0
[ 1356157ms] [ERROR] Failed to load resource: net::ERR_CONNECTION_REFUSED @ http://localhost:4401/dashboard/overview:0
[ 1356157ms] [ERROR] Failed to load resource: net::ERR_CONNECTION_REFUSED @ http://localhost:4401/api/billing/ai-credits/summary:0
[ 1356157ms] [ERROR] Failed to load resource: net::ERR_CONNECTION_REFUSED @ http://localhost:4401/dashboard/alerts?limit=6:0
[ 1356370ms] [ERROR] Failed to load resource: net::ERR_CONNECTION_REFUSED @ http://localhost:4401/dashboard/overview:0
[ 1356370ms] [ERROR] Failed to load resource: net::ERR_CONNECTION_REFUSED @ http://localhost:4401/api/billing/ai-credits/summary:0
[ 1356370ms] [ERROR] Failed to load resource: net::ERR_CONNECTION_REFUSED @ http://localhost:4401/dashboard/alerts?limit=6:0
[ 1356973ms] [ERROR] Failed to load resource: net::ERR_CONNECTION_REFUSED @ http://localhost:4401/dashboard/overview:0
[ 1356973ms] [ERROR] Failed to load resource: net::ERR_CONNECTION_REFUSED @ http://localhost:4401/api/billing/ai-credits/summary:0
[ 1356973ms] [ERROR] Failed to load resource: net::ERR_CONNECTION_REFUSED @ http://localhost:4401/dashboard/alerts?limit=6:0
[ 1386162ms] [ERROR] Failed to load resource: net::ERR_CONNECTION_REFUSED @ http://localhost:4401/api/billing/ai-credits/summary:0
[ 1386369ms] [ERROR] Failed to load resource: net::ERR_CONNECTION_REFUSED @ http://localhost:4401/api/billing/ai-credits/summary:0
[ 1386979ms] [ERROR] Failed to load resource: net::ERR_CONNECTION_REFUSED @ http://localhost:4401/api/billing/ai-credits/summary:0
[ 1416154ms] [ERROR] Failed to load resource: net::ERR_CONNECTION_REFUSED @ http://localhost:4401/dashboard/overview:0
[ 1416155ms] [ERROR] Failed to load resource: net::ERR_CONNECTION_REFUSED @ http://localhost:4401/api/billing/ai-credits/summary:0
[ 1416155ms] [ERROR] Failed to load resource: net::ERR_CONNECTION_REFUSED @ http://localhost:4401/dashboard/alerts?limit=6:0
[ 1416364ms] [ERROR] Failed to load resource: net::ERR_CONNECTION_REFUSED @ http://localhost:4401/dashboard/overview:0
[ 1416364ms] [ERROR] Failed to load resource: net::ERR_CONNECTION_REFUSED @ http://localhost:4401/api/billing/ai-credits/summary:0
[ 1416364ms] [ERROR] Failed to load resource: net::ERR_CONNECTION_REFUSED @ http://localhost:4401/dashboard/alerts?limit=6:0
[ 1416969ms] [ERROR] Failed to load resource: net::ERR_CONNECTION_REFUSED @ http://localhost:4401/dashboard/overview:0
[ 1416970ms] [ERROR] Failed to load resource: net::ERR_CONNECTION_REFUSED @ http://localhost:4401/api/billing/ai-credits/summary:0
[ 1416970ms] [ERROR] Failed to load resource: net::ERR_CONNECTION_REFUSED @ http://localhost:4401/dashboard/alerts?limit=6:0
[ 1446157ms] [ERROR] Failed to load resource: net::ERR_CONNECTION_REFUSED @ http://localhost:4401/api/billing/ai-credits/summary:0
[ 1446364ms] [ERROR] Failed to load resource: net::ERR_CONNECTION_REFUSED @ http://localhost:4401/api/billing/ai-credits/summary:0
[ 1446969ms] [ERROR] Failed to load resource: net::ERR_CONNECTION_REFUSED @ http://localhost:4401/api/billing/ai-credits/summary:0
[ 1476157ms] [ERROR] Failed to load resource: net::ERR_CONNECTION_REFUSED @ http://localhost:4401/dashboard/overview:0
[ 1476158ms] [ERROR] Failed to load resource: net::ERR_CONNECTION_REFUSED @ http://localhost:4401/api/billing/ai-credits/summary:0
[ 1476158ms] [ERROR] Failed to load resource: net::ERR_CONNECTION_REFUSED @ http://localhost:4401/dashboard/alerts?limit=6:0
[ 1476369ms] [ERROR] Failed to load resource: net::ERR_CONNECTION_REFUSED @ http://localhost:4401/dashboard/overview:0
[ 1476369ms] [ERROR] Failed to load resource: net::ERR_CONNECTION_REFUSED @ http://localhost:4401/api/billing/ai-credits/summary:0
[ 1476369ms] [ERROR] Failed to load resource: net::ERR_CONNECTION_REFUSED @ http://localhost:4401/dashboard/alerts?limit=6:0
[ 1476973ms] [ERROR] Failed to load resource: net::ERR_CONNECTION_REFUSED @ http://localhost:4401/dashboard/overview:0
[ 1476973ms] [ERROR] Failed to load resource: net::ERR_CONNECTION_REFUSED @ http://localhost:4401/api/billing/ai-credits/summary:0
[ 1476973ms] [ERROR] Failed to load resource: net::ERR_CONNECTION_REFUSED @ http://localhost:4401/dashboard/alerts?limit=6:0
[ 1506160ms] [ERROR] Failed to load resource: net::ERR_CONNECTION_REFUSED @ http://localhost:4401/api/billing/ai-credits/summary:0
[ 1506369ms] [ERROR] Failed to load resource: net::ERR_CONNECTION_REFUSED @ http://localhost:4401/api/billing/ai-credits/summary:0
[ 1506977ms] [ERROR] Failed to load resource: net::ERR_CONNECTION_REFUSED @ http://localhost:4401/api/billing/ai-credits/summary:0
[ 1536161ms] [ERROR] Failed to load resource: net::ERR_CONNECTION_REFUSED @ http://localhost:4401/dashboard/overview:0
[ 1536161ms] [ERROR] Failed to load resource: net::ERR_CONNECTION_REFUSED @ http://localhost:4401/api/billing/ai-credits/summary:0
[ 1536161ms] [ERROR] Failed to load resource: net::ERR_CONNECTION_REFUSED @ http://localhost:4401/dashboard/alerts?limit=6:0
[ 1536372ms] [ERROR] Failed to load resource: net::ERR_CONNECTION_REFUSED @ http://localhost:4401/dashboard/overview:0
[ 1536375ms] [ERROR] Failed to load resource: net::ERR_CONNECTION_REFUSED @ http://localhost:4401/api/billing/ai-credits/summary:0
[ 1536375ms] [ERROR] Failed to load resource: net::ERR_CONNECTION_REFUSED @ http://localhost:4401/dashboard/alerts?limit=6:0
[ 1536977ms] [ERROR] Failed to load resource: net::ERR_CONNECTION_REFUSED @ http://localhost:4401/dashboard/overview:0
[ 1536978ms] [ERROR] Failed to load resource: net::ERR_CONNECTION_REFUSED @ http://localhost:4401/api/billing/ai-credits/summary:0
[ 1536979ms] [ERROR] Failed to load resource: net::ERR_CONNECTION_REFUSED @ http://localhost:4401/dashboard/alerts?limit=6:0
[ 1566156ms] [ERROR] Failed to load resource: net::ERR_CONNECTION_REFUSED @ http://localhost:4401/api/billing/ai-credits/summary:0
[ 1566363ms] [ERROR] Failed to load resource: net::ERR_CONNECTION_REFUSED @ http://localhost:4401/api/billing/ai-credits/summary:0
[ 1566972ms] [ERROR] Failed to load resource: net::ERR_CONNECTION_REFUSED @ http://localhost:4401/api/billing/ai-credits/summary:0
[ 1596164ms] [ERROR] Failed to load resource: net::ERR_CONNECTION_REFUSED @ http://localhost:4401/dashboard/overview:0
[ 1596164ms] [ERROR] Failed to load resource: net::ERR_CONNECTION_REFUSED @ http://localhost:4401/api/billing/ai-credits/summary:0
[ 1596164ms] [ERROR] Failed to load resource: net::ERR_CONNECTION_REFUSED @ http://localhost:4401/dashboard/alerts?limit=6:0
[ 1596370ms] [ERROR] Failed to load resource: net::ERR_CONNECTION_REFUSED @ http://localhost:4401/dashboard/overview:0
[ 1596371ms] [ERROR] Failed to load resource: net::ERR_CONNECTION_REFUSED @ http://localhost:4401/api/billing/ai-credits/summary:0
[ 1596371ms] [ERROR] Failed to load resource: net::ERR_CONNECTION_REFUSED @ http://localhost:4401/dashboard/alerts?limit=6:0
[ 1596976ms] [ERROR] Failed to load resource: net::ERR_CONNECTION_REFUSED @ http://localhost:4401/dashboard/overview:0
[ 1596976ms] [ERROR] Failed to load resource: net::ERR_CONNECTION_REFUSED @ http://localhost:4401/api/billing/ai-credits/summary:0
[ 1596976ms] [ERROR] Failed to load resource: net::ERR_CONNECTION_REFUSED @ http://localhost:4401/dashboard/alerts?limit=6:0
[ 1626157ms] [ERROR] Failed to load resource: net::ERR_CONNECTION_REFUSED @ http://localhost:4401/api/billing/ai-credits/summary:0
[ 1626360ms] [ERROR] Failed to load resource: net::ERR_CONNECTION_REFUSED @ http://localhost:4401/api/billing/ai-credits/summary:0
[ 1626967ms] [ERROR] Failed to load resource: net::ERR_CONNECTION_REFUSED @ http://localhost:4401/api/billing/ai-credits/summary:0
[ 1656174ms] [ERROR] Failed to load resource: net::ERR_CONNECTION_REFUSED @ http://localhost:4401/dashboard/overview:0
[ 1656174ms] [ERROR] Failed to load resource: net::ERR_CONNECTION_REFUSED @ http://localhost:4401/api/billing/ai-credits/summary:0
[ 1656174ms] [ERROR] Failed to load resource: net::ERR_CONNECTION_REFUSED @ http://localhost:4401/dashboard/alerts?limit=6:0
[ 2616138ms] [ERROR] Failed to load resource: net::ERR_CONNECTION_REFUSED @ http://localhost:4401/dashboard/overview:0
[ 2616138ms] [ERROR] Failed to load resource: net::ERR_CONNECTION_REFUSED @ http://localhost:4401/api/billing/ai-credits/summary:0
[ 2616138ms] [ERROR] Failed to load resource: net::ERR_CONNECTION_REFUSED @ http://localhost:4401/dashboard/alerts?limit=6:0
[ 2616343ms] [ERROR] Failed to load resource: net::ERR_CONNECTION_REFUSED @ http://localhost:4401/dashboard/overview:0
[ 2616344ms] [ERROR] Failed to load resource: net::ERR_CONNECTION_REFUSED @ http://localhost:4401/api/billing/ai-credits/summary:0
[ 2616344ms] [ERROR] Failed to load resource: net::ERR_CONNECTION_REFUSED @ http://localhost:4401/dashboard/alerts?limit=6:0
[ 2616955ms] [ERROR] Failed to load resource: net::ERR_CONNECTION_REFUSED @ http://localhost:4401/dashboard/overview:0
[ 2616955ms] [ERROR] Failed to load resource: net::ERR_CONNECTION_REFUSED @ http://localhost:4401/api/billing/ai-credits/summary:0
[ 2616955ms] [ERROR] Failed to load resource: net::ERR_CONNECTION_REFUSED @ http://localhost:4401/dashboard/alerts?limit=6:0
[ 2646133ms] [ERROR] Failed to load resource: net::ERR_CONNECTION_REFUSED @ http://localhost:4401/api/billing/ai-credits/summary:0
[ 2646340ms] [ERROR] Failed to load resource: net::ERR_CONNECTION_REFUSED @ http://localhost:4401/api/billing/ai-credits/summary:0
[ 2646948ms] [ERROR] Failed to load resource: net::ERR_CONNECTION_REFUSED @ http://localhost:4401/api/billing/ai-credits/summary:0
[ 2676136ms] [ERROR] Failed to load resource: net::ERR_CONNECTION_REFUSED @ http://localhost:4401/dashboard/overview:0
[ 2676136ms] [ERROR] Failed to load resource: net::ERR_CONNECTION_REFUSED @ http://localhost:4401/api/billing/ai-credits/summary:0
[ 2676136ms] [ERROR] Failed to load resource: net::ERR_CONNECTION_REFUSED @ http://localhost:4401/dashboard/alerts?limit=6:0
[ 2676342ms] [ERROR] Failed to load resource: net::ERR_CONNECTION_REFUSED @ http://localhost:4401/dashboard/overview:0
[ 2676342ms] [ERROR] Failed to load resource: net::ERR_CONNECTION_REFUSED @ http://localhost:4401/api/billing/ai-credits/summary:0
[ 2676342ms] [ERROR] Failed to load resource: net::ERR_CONNECTION_REFUSED @ http://localhost:4401/dashboard/alerts?limit=6:0
[ 2676956ms] [ERROR] Failed to load resource: net::ERR_CONNECTION_REFUSED @ http://localhost:4401/dashboard/overview:0
[ 2676956ms] [ERROR] Failed to load resource: net::ERR_CONNECTION_REFUSED @ http://localhost:4401/api/billing/ai-credits/summary:0
[ 2676956ms] [ERROR] Failed to load resource: net::ERR_CONNECTION_REFUSED @ http://localhost:4401/dashboard/alerts?limit=6:0
[ 2706134ms] [ERROR] Failed to load resource: net::ERR_CONNECTION_REFUSED @ http://localhost:4401/api/billing/ai-credits/summary:0
[ 2706340ms] [ERROR] Failed to load resource: net::ERR_CONNECTION_REFUSED @ http://localhost:4401/api/billing/ai-credits/summary:0
[ 2706943ms] [ERROR] Failed to load resource: net::ERR_CONNECTION_REFUSED @ http://localhost:4401/api/billing/ai-credits/summary:0
