[   60201ms] [ERROR] Failed to load resource: net::ERR_CONNECTION_REFUSED @ http://localhost:4401/dashboard/overview:0
[   60201ms] [ERROR] Failed to load resource: net::ERR_CONNECTION_REFUSED @ http://localhost:4401/api/billing/ai-credits/summary:0
[   60201ms] [ERROR] Failed to load resource: net::ERR_CONNECTION_REFUSED @ http://localhost:4401/dashboard/alerts?limit=6:0
[   60411ms] [ERROR] Failed to load resource: net::ERR_CONNECTION_REFUSED @ http://localhost:4401/dashboard/overview:0
[   60411ms] [ERROR] Failed to load resource: net::ERR_CONNECTION_REFUSED @ http://localhost:4401/api/billing/ai-credits/summary:0
[   60411ms] [ERROR] Failed to load resource: net::ERR_CONNECTION_REFUSED @ http://localhost:4401/dashboard/alerts?limit=6:0
[   61017ms] [ERROR] Failed to load resource: net::ERR_CONNECTION_REFUSED @ http://localhost:4401/dashboard/overview:0
[   61020ms] [ERROR] Failed to load resource: net::ERR_CONNECTION_REFUSED @ http://localhost:4401/api/billing/ai-credits/summary:0
[   61020ms] [ERROR] Failed to load resource: net::ERR_CONNECTION_REFUSED @ http://localhost:4401/dashboard/alerts?limit=6:0
[   90201ms] [ERROR] Failed to load resource: net::ERR_CONNECTION_REFUSED @ http://localhost:4401/api/billing/ai-credits/summary:0
[   90407ms] [ERROR] Failed to load resource: net::ERR_CONNECTION_REFUSED @ http://localhost:4401/api/billing/ai-credits/summary:0
[   91015ms] [ERROR] Failed to load resource: net::ERR_CONNECTION_REFUSED @ http://localhost:4401/api/billing/ai-credits/summary:0
[  120205ms] [ERROR] Failed to load resource: net::ERR_CONNECTION_REFUSED @ http://localhost:4401/dashboard/overview:0
[  120206ms] [ERROR] Failed to load resource: net::ERR_CONNECTION_REFUSED @ http://localhost:4401/api/billing/ai-credits/summary:0
[  120206ms] [ERROR] Failed to load resource: net::ERR_CONNECTION_REFUSED @ http://localhost:4401/dashboard/alerts?limit=6:0
[  120411ms] [ERROR] Failed to load resource: net::ERR_CONNECTION_REFUSED @ http://localhost:4401/dashboard/overview:0
[  120411ms] [ERROR] Failed to load resource: net::ERR_CONNECTION_REFUSED @ http://localhost:4401/api/billing/ai-credits/summary:0
[  120411ms] [ERROR] Failed to load resource: net::ERR_CONNECTION_REFUSED @ http://localhost:4401/dashboard/alerts?limit=6:0
[  121016ms] [ERROR] Failed to load resource: net::ERR_CONNECTION_REFUSED @ http://localhost:4401/dashboard/overview:0
[  121017ms] [ERROR] Failed to load resource: net::ERR_CONNECTION_REFUSED @ http://localhost:4401/api/billing/ai-credits/summary:0
[  121017ms] [ERROR] Failed to load resource: net::ERR_CONNECTION_REFUSED @ http://localhost:4401/dashboard/alerts?limit=6:0
[  150202ms] [ERROR] Failed to load resource: net::ERR_CONNECTION_REFUSED @ http://localhost:4401/api/billing/ai-credits/summary:0
[  150405ms] [ERROR] Failed to load resource: net::ERR_CONNECTION_REFUSED @ http://localhost:4401/api/billing/ai-credits/summary:0
[  151009ms] [ERROR] Failed to load resource: net::ERR_CONNECTION_REFUSED @ http://localhost:4401/api/billing/ai-credits/summary:0
[  180200ms] [ERROR] Failed to load resource: net::ERR_CONNECTION_REFUSED @ http://localhost:4401/dashboard/overview:0
[  180200ms] [ERROR] Failed to load resource: net::ERR_CONNECTION_REFUSED @ http://localhost:4401/api/billing/ai-credits/summary:0
[  180200ms] [ERROR] Failed to load resource: net::ERR_CONNECTION_REFUSED @ http://localhost:4401/dashboard/alerts?limit=6:0
[  180404ms] [ERROR] Failed to load resource: net::ERR_CONNECTION_REFUSED @ http://localhost:4401/dashboard/overview:0
[  180404ms] [ERROR] Failed to load resource: net::ERR_CONNECTION_REFUSED @ http://localhost:4401/api/billing/ai-credits/summary:0
[  180404ms] [ERROR] Failed to load resource: net::ERR_CONNECTION_REFUSED @ http://localhost:4401/dashboard/alerts?limit=6:0
[  181011ms] [ERROR] Failed to load resource: net::ERR_CONNECTION_REFUSED @ http://localhost:4401/dashboard/overview:0
[  181011ms] [ERROR] Failed to load resource: net::ERR_CONNECTION_REFUSED @ http://localhost:4401/api/billing/ai-credits/summary:0
[  181012ms] [ERROR] Failed to load resource: net::ERR_CONNECTION_REFUSED @ http://localhost:4401/dashboard/alerts?limit=6:0
[  210203ms] [ERROR] Failed to load resource: net::ERR_CONNECTION_REFUSED @ http://localhost:4401/api/billing/ai-credits/summary:0
[  210408ms] [ERROR] Failed to load resource: net::ERR_CONNECTION_REFUSED @ http://localhost:4401/api/billing/ai-credits/summary:0
[  211014ms] [ERROR] Failed to load resource: net::ERR_CONNECTION_REFUSED @ http://localhost:4401/api/billing/ai-credits/summary:0
[  240202ms] [ERROR] Failed to load resource: net::ERR_CONNECTION_REFUSED @ http://localhost:4401/dashboard/overview:0
[  240203ms] [ERROR] Failed to load resource: net::ERR_CONNECTION_REFUSED @ http://localhost:4401/api/billing/ai-credits/summary:0
[  240203ms] [ERROR] Failed to load resource: net::ERR_CONNECTION_REFUSED @ http://localhost:4401/dashboard/alerts?limit=6:0
[  240409ms] [ERROR] Failed to load resource: net::ERR_CONNECTION_REFUSED @ http://localhost:4401/dashboard/overview:0
[  240410ms] [ERROR] Failed to load resource: net::ERR_CONNECTION_REFUSED @ http://localhost:4401/api/billing/ai-credits/summary:0
[  240410ms] [ERROR] Failed to load resource: net::ERR_CONNECTION_REFUSED @ http://localhost:4401/dashboard/alerts?limit=6:0
[  241016ms] [ERROR] Failed to load resource: net::ERR_CONNECTION_REFUSED @ http://localhost:4401/dashboard/overview:0
[  241017ms] [ERROR] Failed to load resource: net::ERR_CONNECTION_REFUSED @ http://localhost:4401/api/billing/ai-credits/summary:0
[  241017ms] [ERROR] Failed to load resource: net::ERR_CONNECTION_REFUSED @ http://localhost:4401/dashboard/alerts?limit=6:0
[  270201ms] [ERROR] Failed to load resource: net::ERR_CONNECTION_REFUSED @ http://localhost:4401/api/billing/ai-credits/summary:0
[  270406ms] [ERROR] Failed to load resource: net::ERR_CONNECTION_REFUSED @ http://localhost:4401/api/billing/ai-credits/summary:0
[  271012ms] [ERROR] Failed to load resource: net::ERR_CONNECTION_REFUSED @ http://localhost:4401/api/billing/ai-credits/summary:0
[  300203ms] [ERROR] Failed to load resource: net::ERR_CONNECTION_REFUSED @ http://localhost:4401/dashboard/overview:0
[  300203ms] [ERROR] Failed to load resource: net::ERR_CONNECTION_REFUSED @ http://localhost:4401/api/billing/ai-credits/summary:0
[  300203ms] [ERROR] Failed to load resource: net::ERR_CONNECTION_REFUSED @ http://localhost:4401/dashboard/alerts?limit=6:0
[  300410ms] [ERROR] Failed to load resource: net::ERR_CONNECTION_REFUSED @ http://localhost:4401/dashboard/overview:0
[  300411ms] [ERROR] Failed to load resource: net::ERR_CONNECTION_REFUSED @ http://localhost:4401/api/billing/ai-credits/summary:0
[  300411ms] [ERROR] Failed to load resource: net::ERR_CONNECTION_REFUSED @ http://localhost:4401/dashboard/alerts?limit=6:0
[  301015ms] [ERROR] Failed to load resource: net::ERR_CONNECTION_REFUSED @ http://localhost:4401/dashboard/overview:0
[  301018ms] [ERROR] Failed to load resource: net::ERR_CONNECTION_REFUSED @ http://localhost:4401/api/billing/ai-credits/summary:0
[  301018ms] [ERROR] Failed to load resource: net::ERR_CONNECTION_REFUSED @ http://localhost:4401/dashboard/alerts?limit=6:0
